{
  "authenticated": false,
  "iss": "test-orch-client-id",
  "channel": "web",
  "client_id": "test-orch-client-id",
  "cookie_consent_shared": false,
  "scope": "email openid profile",
  "claim": "{\"userinfo\":{\"email_verified\":null,\"local_account_id\":null,\"uplift_required\":null,\"verified_mfa_method_type\":null,\"email\":null,\"achieved_credential_strength\":null}}",
  "state": "WdZqiOFPK2Q-AV-dbGpSKgx9I1MUJA5dstyMK2Wy80M",
  "exp": 1630534380,
  "iat": 1630534200,
  "client_name": "test-rp-client-name",
  "is_one_login_service": false,
  "jti": "test-jti",
  "rp_sector_host": "test.com",
  "rp_client_id": "test-id",
  "subject_type": "pairwise",
  "rp_redirect_uri": "https://localhost:8080",
  "is_smoke_test": false,
  "previous_session_id": "a-session-id",
  "requested_credential_strength": "Cl.Cm",
  "govuk_signin_journey_id": "client-session-id",
  "aud": "https://example.com",
  "service_type": "MANDATORY",
  "nbf": 1630534200,
  "rp_state": "3N0lcN7GOP7bztWO5TNpNSg3RihlJ6SSpoHVX7DjWKI",
  "is_identity_verification_required": false
}