{
  "sub": "urn:some:subject:identifier",
  "iss": "someIssuer",
  "response_type": "code",
  "client_id": "someClientId",
  "govuk_signin_journey_id": "journeyId",
  "aud": "someAud",
  "nbf": 1196676930,
  "scope": "reverification",
  "claims": {
    "userinfo": {
      "https://vocab.account.gov.uk/v1/storageAccessToken": {
        "values": [
          "eyJraWQiOiIxZDUwNGFlY2UyOThhMTRkNzRlZTBhMDJiNjc0MGI0MzcyYTFmYWI0MjA2Nzc4ZTQ4NmJhNzI3NzBmZjRiZWI4IiwiYWxnIjoiRVMyNTYifQ.eyJhdWQiOlsiaHR0cHM6Ly9jcmVkZW50aWFsLXN0b3JlLmFjY291bnQuZ292LnVrIiwiaHR0cHM6Ly9pZGVudGl0eS50ZXN0LmFjY291bnQuZ292LnVrIl0sInN1YiI6InVybjpmZGM6Z292LnVrOjIwMjI6VEpMdDNXYWlHa0xoOFVxZWlzSDJ6VktHQVAwIiwic2NvcGUiOiJwcm92aW5nIiwiaXNzIjoiaHR0cHM6Ly9vaWRjLnRlc3QuYWNjb3VudC5nb3YudWsiLCJleHAiOjE3MTgxOTU3NjMsImlhdCI6MTcxODE5NTQ2MywianRpIjoiMWQyZTdmODgtYWIwNy00NWU5LThkYTAtOWEyMzIyMWFhZjM3In0.6MpC8IZbOICVjvf_97ySj6yOO6khQGhkEGHvYB6kXGMroSQgF0z0-Z1EVJi5sVXwmbe4X6eDRTIYtM07xItiMg"
        ]
      }
    }
  },
  "state": "testState",
  "redirect_uri": "some.call.back.uri",
  "exp": 1196677110,
  "iat": 1196676930,
  "jti": "someSuperUniqueUUID"
}
