{"status":"COMPLETED","client-name":"test-client-name","redirect-uri":"http://localhost/redirect","state":"test-state"}